// Jest Snapshot v1, https://goo.gl/fbAQLP

exports[`<App /> should rener properly 1`] = `
<div id="app">
  <p class="test">App</p>
</div>
`;
